
> backend@0.0.1 test
> jest src/statistics/statistics.controller.spec.ts

